../Core/Src/main.c:92:5:main	8	static
../Core/Src/main.c:145:6:SystemClock_Config	88	static
../Core/Src/main.c:189:13:MX_SPI2_Init	8	static
../Core/Src/main.c:230:13:MX_GPIO_Init	56	static
../Core/Src/main.c:294:6:PWR_ON_OFF	8	static
../Core/Src/main.c:300:5:Jetson_Boot_Monitor	8	static
../Core/Src/main.c:307:6:Jetson_Shut_Down	16	static
../Core/Src/main.c:331:9:MCP_READ	40	static
../Core/Src/main.c:347:6:MCP_read_bytes	80	static
../Core/Src/main.c:372:6:MCP_write_byte	32	static
../Core/Src/main.c:382:6:MCP_write_bytes	48	static
../Core/Src/main.c:406:6:MCP_bit_modify	32	static
../Core/Src/main.c:416:6:MCP_RTS	16	static
../Core/Src/main.c:424:6:mcp_pack_ext_id_29	16	static
../Core/Src/main.c:440:10:mcp_unpack_ext_id_29	24	static
../Core/Src/main.c:451:6:mcp_pack_frame_to_raw	24	static
../Core/Src/main.c:464:6:mcp_unpack_raw_to_frame	24	static
../Core/Src/main.c:477:6:MCP_receive_raw	32	static
../Core/Src/main.c:504:6:MCP_sending_raw	32	static
../Core/Src/main.c:541:6:MCP_send_frame	40	static
../Core/Src/main.c:552:6:MCP_receive_frame	56	static
../Core/Src/main.c:589:6:MCP_reset	16	static
../Core/Src/main.c:596:6:MCP_set_loopback_mode	24	static
../Core/Src/main.c:609:6:MCP_init	8	static
../Core/Src/main.c:634:6:FAN_ON	8	static
../Core/Src/main.c:637:6:FAN_OFF	8	static
../Core/Src/main.c:640:6:CS_LOW	8	static
../Core/Src/main.c:643:6:CS_HIGH	8	static
../Core/Src/main.c:652:6:Error_Handler	8	static,ignoring_inline_asm
