../Core/Src/main.c:68:5:main	24	static
../Core/Src/main.c:158:6:SystemClock_Config	88	static
../Core/Src/main.c:202:13:MX_SPI2_Init	8	static
../Core/Src/main.c:243:13:MX_GPIO_Init	56	static
../Core/Src/main.c:307:6:PWR_ON_OFF	8	static
../Core/Src/main.c:313:5:Jetson_Boot_Monitor	8	static
../Core/Src/main.c:320:6:Jetson_Shut_Down	16	static
../Core/Src/main.c:343:6:set_bit_timing	24	static
../Core/Src/main.c:410:9:verify_config	24	static
../Core/Src/main.c:434:6:Error_Handler	8	static,ignoring_inline_asm
