../Core/Src/main.c:74:5:main	8	static
../Core/Src/main.c:127:6:SystemClock_Config	88	static
../Core/Src/main.c:171:13:MX_SPI2_Init	8	static
../Core/Src/main.c:212:13:MX_GPIO_Init	56	static
../Core/Src/main.c:276:6:PWR_ON_OFF	8	static
../Core/Src/main.c:282:5:Jetson_Boot_Monitor	8	static
../Core/Src/main.c:289:6:Jetson_Shut_Down	16	static
../Core/Src/main.c:313:9:MCP_READ	40	static
../Core/Src/main.c:328:6:MCP_write	32	static
../Core/Src/main.c:338:6:MCP_bit_modify	32	static
../Core/Src/main.c:348:6:MCP_reset	16	static
../Core/Src/main.c:355:6:MCP_init	8	static
../Core/Src/main.c:380:6:FAN_ON	8	static
../Core/Src/main.c:383:6:FAN_OFF	8	static
../Core/Src/main.c:386:6:CS_LOW	8	static
../Core/Src/main.c:389:6:CS_HIGH	8	static
../Core/Src/main.c:398:6:Error_Handler	8	static,ignoring_inline_asm
