../Core/Src/main.c:92:5:main	64	static
../Core/Src/main.c:185:6:SystemClock_Config	88	static
../Core/Src/main.c:229:13:MX_SPI2_Init	8	static
../Core/Src/main.c:270:13:MX_GPIO_Init	56	static
../Core/Src/main.c:334:6:PWR_ON_OFF	8	static
../Core/Src/main.c:340:5:Jetson_Boot_Monitor	8	static
../Core/Src/main.c:347:6:Jetson_Shut_Down	16	static
../Core/Src/main.c:371:9:MCP_READ	40	static
../Core/Src/main.c:387:6:MCP_read_bytes	80	static
../Core/Src/main.c:412:6:MCP_write_byte	32	static
../Core/Src/main.c:422:6:MCP_write_bytes	48	static
../Core/Src/main.c:446:6:MCP_bit_modify	32	static
../Core/Src/main.c:456:6:MCP_RTS	16	static
../Core/Src/main.c:464:6:mcp_pack_ext_id_29	16	static
../Core/Src/main.c:480:10:mcp_unpack_ext_id_29	24	static
../Core/Src/main.c:491:6:mcp_pack_frame_to_raw	24	static
../Core/Src/main.c:504:6:mcp_unpack_raw_to_frame	24	static
../Core/Src/main.c:517:6:MCP_receive_raw	32	static
../Core/Src/main.c:544:6:MCP_sending_raw	32	static
../Core/Src/main.c:581:6:MCP_send_frame	40	static
../Core/Src/main.c:592:6:MCP_receive_frame	56	static
../Core/Src/main.c:629:6:MCP_reset	16	static
../Core/Src/main.c:636:6:MCP_set_loopback_mode	24	static
../Core/Src/main.c:649:6:MCP_init	8	static
../Core/Src/main.c:674:6:FAN_ON	8	static
../Core/Src/main.c:677:6:FAN_OFF	8	static
../Core/Src/main.c:680:6:CS_LOW	8	static
../Core/Src/main.c:683:6:CS_HIGH	8	static
../Core/Src/main.c:692:6:Error_Handler	8	static,ignoring_inline_asm
