../Core/Src/main.c:90:5:main	8	static
../Core/Src/main.c:143:6:SystemClock_Config	88	static
../Core/Src/main.c:187:13:MX_SPI2_Init	8	static
../Core/Src/main.c:228:13:MX_GPIO_Init	56	static
../Core/Src/main.c:292:6:PWR_ON_OFF	8	static
../Core/Src/main.c:298:5:Jetson_Boot_Monitor	8	static
../Core/Src/main.c:305:6:Jetson_Shut_Down	16	static
../Core/Src/main.c:329:9:MCP_READ	40	static
../Core/Src/main.c:345:6:MCP_read_bytes	80	static
../Core/Src/main.c:370:6:MCP_write_byte	32	static
../Core/Src/main.c:380:6:MCP_write_bytes	48	static
../Core/Src/main.c:404:6:MCP_bit_modify	32	static
../Core/Src/main.c:414:6:MCP_RTS	16	static
../Core/Src/main.c:422:6:mcp_pack_ext_id_29	16	static
../Core/Src/main.c:438:10:mcp_unpack_ext_id_29	24	static
../Core/Src/main.c:449:6:mcp_pack_frame_to_raw	24	static
../Core/Src/main.c:462:6:mcp_unpack_raw_to_frame	24	static
../Core/Src/main.c:475:6:MCP_receive_raw	32	static
../Core/Src/main.c:502:6:MCP_sending_raw	32	static
../Core/Src/main.c:539:6:MCP_send_frame	40	static
../Core/Src/main.c:550:6:MCP_receive_frame	56	static
../Core/Src/main.c:587:6:MCP_reset	16	static
../Core/Src/main.c:594:6:MCP_init	8	static
../Core/Src/main.c:619:6:FAN_ON	8	static
../Core/Src/main.c:622:6:FAN_OFF	8	static
../Core/Src/main.c:625:6:CS_LOW	8	static
../Core/Src/main.c:628:6:CS_HIGH	8	static
../Core/Src/main.c:637:6:Error_Handler	8	static,ignoring_inline_asm
