../Core/Src/main.c:90:5:main	2
../Core/Src/main.c:143:6:SystemClock_Config	3
../Core/Src/main.c:187:13:MX_SPI2_Init	2
../Core/Src/main.c:228:13:MX_GPIO_Init	1
../Core/Src/main.c:292:6:PWR_ON_OFF	1
../Core/Src/main.c:298:5:Jetson_Boot_Monitor	2
../Core/Src/main.c:305:6:Jetson_Shut_Down	3
../Core/Src/main.c:329:9:MCP_READ	1
../Core/Src/main.c:345:6:MCP_read_bytes	4
../Core/Src/main.c:370:6:MCP_write_byte	1
../Core/Src/main.c:380:6:MCP_write_bytes	4
../Core/Src/main.c:404:6:MCP_bit_modify	1
../Core/Src/main.c:414:6:MCP_RTS	1
../Core/Src/main.c:422:6:mcp_pack_ext_id_29	1
../Core/Src/main.c:438:10:mcp_unpack_ext_id_29	1
../Core/Src/main.c:449:6:mcp_pack_frame_to_raw	3
../Core/Src/main.c:462:6:mcp_unpack_raw_to_frame	3
../Core/Src/main.c:475:6:MCP_receive_raw	5
../Core/Src/main.c:502:6:MCP_sending_raw	7
../Core/Src/main.c:539:6:MCP_send_frame	2
../Core/Src/main.c:550:6:MCP_receive_frame	15
../Core/Src/main.c:587:6:MCP_reset	1
../Core/Src/main.c:594:6:MCP_init	3
../Core/Src/main.c:619:6:FAN_ON	1
../Core/Src/main.c:622:6:FAN_OFF	1
../Core/Src/main.c:625:6:CS_LOW	1
../Core/Src/main.c:628:6:CS_HIGH	1
../Core/Src/main.c:637:6:Error_Handler	1
