../Core/Src/main.c:92:5:main	11
../Core/Src/main.c:185:6:SystemClock_Config	3
../Core/Src/main.c:229:13:MX_SPI2_Init	2
../Core/Src/main.c:270:13:MX_GPIO_Init	1
../Core/Src/main.c:334:6:PWR_ON_OFF	1
../Core/Src/main.c:340:5:Jetson_Boot_Monitor	2
../Core/Src/main.c:347:6:Jetson_Shut_Down	3
../Core/Src/main.c:371:9:MCP_READ	1
../Core/Src/main.c:387:6:MCP_read_bytes	4
../Core/Src/main.c:412:6:MCP_write_byte	1
../Core/Src/main.c:422:6:MCP_write_bytes	4
../Core/Src/main.c:446:6:MCP_bit_modify	1
../Core/Src/main.c:456:6:MCP_RTS	1
../Core/Src/main.c:464:6:mcp_pack_ext_id_29	1
../Core/Src/main.c:480:10:mcp_unpack_ext_id_29	1
../Core/Src/main.c:491:6:mcp_pack_frame_to_raw	3
../Core/Src/main.c:504:6:mcp_unpack_raw_to_frame	3
../Core/Src/main.c:517:6:MCP_receive_raw	5
../Core/Src/main.c:544:6:MCP_sending_raw	7
../Core/Src/main.c:581:6:MCP_send_frame	2
../Core/Src/main.c:592:6:MCP_receive_frame	15
../Core/Src/main.c:629:6:MCP_reset	1
../Core/Src/main.c:636:6:MCP_set_loopback_mode	3
../Core/Src/main.c:649:6:MCP_init	3
../Core/Src/main.c:674:6:FAN_ON	1
../Core/Src/main.c:677:6:FAN_OFF	1
../Core/Src/main.c:680:6:CS_LOW	1
../Core/Src/main.c:683:6:CS_HIGH	1
../Core/Src/main.c:692:6:Error_Handler	1
