21:27:17 **** Incremental Build of configuration Debug for project test ****
make -j8 all 
arm-none-eabi-gcc -o "test.elf" @"objects.list"   -mcpu=cortex-m0plus -T"C:\Users\NBNB\Documents\GitHub\SPI_test\test\STM32G030C8TX_FLASH.ld" --specs=nosys.specs -Wl,-Map="test.map" -Wl,--gc-sections -static --specs=nano.specs -mfloat-abi=soft -mthumb -Wl,--start-group -lc -lm -Wl,--end-group
Finished building target: test.elf
 
arm-none-eabi-size  test.elf 
arm-none-eabi-objdump -h -S test.elf  > "test.list"
   text	   data	    bss	    dec	    hex	filename
   7916	     12	   1668	   9596	   257c	test.elf
Finished building: default.size.stdout
 
Finished building: test.list
 
21:27:27 **** Incremental Build of configuration Debug for project test ****
make -j8 all 
arm-none-eabi-size  test.elf 
   text	   data	    bss	    dec	    hex	filename
   7916	     12	   1668	   9596	   257c	test.elf
Finished building: default.size.stdout
 
21:27:48 **** Incremental Build of configuration Debug for project test ****
make -j8 all 
arm-none-eabi-size  test.elf 
   text	   data	    bss	    dec	    hex	filename
   7916	     12	   1668	   9596	   257c	test.elf
Finished building: default.size.stdout
 
21:36:24 **** Incremental Build of configuration Debug for project test ****
make -j8 all 
arm-none-eabi-size  test.elf 
   text	   data	    bss	    dec	    hex	filename
   7916	     12	   1668	   9596	   257c	test.elf
Finished building: default.size.stdout
 
